Warning! Ignore unknown configuration option `src_dir` in section [env:esp32-s3-devkitc-1]
Processing esp32-s3-devkitc-1 (platform: espressif32; board: esp32-s3-devkitc-1; framework: espidf)
--------------------------------------------------------------------------------
Verbose mode can be enabled via `-v, --verbose` option
CONFIGURATION: https://docs.platformio.org/page/boards/espressif32/esp32-s3-devkitc-1.html
PLATFORM: Espressif 32 (6.12.0) > Espressif ESP32-S3-DevKitC-1-N8 (8 MB QD, No PSRAM)
HARDWARE: ESP32S3 240MHz, 320KB RAM, 8MB Flash
DEBUG: Current (esp-builtin) On-board (esp-builtin) External (cmsis-dap, esp-bridge, esp-prog, iot-bus-jtag, jlink, minimodule, olimex-arm-usb-ocd, olimex-arm-usb-ocd-h, olimex-arm-usb-tiny-h, olimex-jtag-tiny, tumpa)
PACKAGES: 
 - framework-espidf @ 3.50500.0 (5.5.0) 
 - tool-cmake @ 3.30.2 
 - tool-esp-rom-elfs @ 0.0.1+20241011 
 - tool-esptoolpy @ 2.40900.250804 (4.9.0) 
 - tool-idf @ 1.0.1 
 - tool-mconf @ 1.4060000.20190628 (406.0.0) 
 - tool-ninja @ 1.9.0 
 - tool-riscv32-esp-elf-gdb @ 11.2.0+20220823 
 - tool-xtensa-esp-elf-gdb @ 11.2.0+20230208 
 - toolchain-esp32ulp @ 1.23800.240113 (2.38.0) 
 - toolchain-riscv32-esp @ 14.2.0+20241119 
 - toolchain-xtensa-esp-elf @ 14.2.0+20241119
Reading CMake configuration...
-- Found Git: C:/Users/atruett/AppData/Local/Programs/Git/bin/git.exe (found version "2.51.1.vfs.0.0")
-- git rev-parse returned 'fatal: not a git repository (or any of the parent directories): .git'
-- Minimal build - OFF
-- The C compiler identification is GNU 14.2.0
-- The CXX compiler identification is GNU 14.2.0
-- The ASM compiler identification is GNU
-- Found assembler: C:/Users/atruett/.platformio/packages/toolchain-xtensa-esp-elf/bin/xtensa-esp32s3-elf-gcc.exe
-- Detecting C compiler ABI info
-- Detecting C compiler ABI info - done
-- Check for working C compiler: C:/Users/atruett/.platformio/packages/toolchain-xtensa-esp-elf/bin/xtensa-esp32s3-elf-gcc.exe - skipped
-- Detecting C compile features
-- Detecting C compile features - done
-- Detecting CXX compiler ABI info
-- Detecting CXX compiler ABI info - done
-- Check for working CXX compiler: C:/Users/atruett/.platformio/packages/toolchain-xtensa-esp-elf/bin/xtensa-esp32s3-elf-g++.exe - skipped
-- Detecting CXX compile features
-- Detecting CXX compile features - done
-- Building ESP-IDF components for target esp32s3
-- Configuring incomplete, errors occurred!

fatal: not a git repository (or any of the parent directories): .git
CMake Error at C:/Users/atruett/.platformio/packages/framework-espidf/tools/cmake/build.cmake:328 (message):
  Failed to resolve component 'led_strip' required by component
  'led_strip_ws2812': unknown name.
Call Stack (most recent call first):
  C:/Users/atruett/.platformio/packages/framework-espidf/tools/cmake/build.cmake:371 (__build_resolve_and_add_req)
  C:/Users/atruett/.platformio/packages/framework-espidf/tools/cmake/build.cmake:685 (__build_expand_requirements)
  C:/Users/atruett/.platformio/packages/framework-espidf/tools/cmake/project.cmake:740 (idf_build_process)
  CMakeLists.txt:6 (project)



========================= [FAILED] Took 12.94 seconds =========================
