Processing esp32-s3-devkitc-1 (platform: espressif32; board: esp32-s3-devkitc-1; framework: espidf)
--------------------------------------------------------------------------------
Tool Manager: Installing platformio/framework-espidf @ ~3.50500.0
